// Jest Snapshot v1, https://goo.gl/fbAQLP

exports[`renders as expected 1`] = `
<Component
  onLayout={[Function]}
  style={
    Object {
      "alignItems": "center",
      "backgroundColor": "#000",
      "flex": 1,
      "justifyContent": "center",
    }
  }
>
  <FloatingNav
    navigation={Object {}}
  />
  <Component
    style={
      Object {
        "alignItems": "center",
        "flex": 1,
        "justifyContent": "center",
      }
    }
  >
    <Component
      style={
        Array [
          Object {
            "color": "#0f0",
            "marginBottom": 8,
            "marginHorizontal": 16,
            "marginTop": 20,
            "textAlign": "center",
          },
          Object {
            "fontSize": 0,
          },
        ]
      }
    >
      Press a button below to get a suggestion
    </Component>
  </Component>
  <GridNB
    style={
      Object {
        "alignItems": "center",
        "flex": 1,
        "marginBottom": 16,
        "maxHeight": 140,
        "maxWidth": 500,
      }
    }
  >
    <RowNB
      key="0"
    >
      <ColumnNB
        key="Relationship"
      >
        <Button
          mode="text"
          onPress={[Function]}
          style={
            Object {
              "marginHorizontal": 16,
            }
          }
        >
          Relationship
        </Button>
      </ColumnNB>
      <ColumnNB
        key="Emotion (main)"
      >
        <Button
          mode="text"
          onPress={[Function]}
          style={
            Object {
              "marginHorizontal": 16,
            }
          }
        >
          Emotion (main)
        </Button>
      </ColumnNB>
    </RowNB>
    <RowNB
      key="1"
    >
      <ColumnNB
        key="Occupation"
      >
        <Button
          mode="text"
          onPress={[Function]}
          style={
            Object {
              "marginHorizontal": 16,
            }
          }
        >
          Occupation
        </Button>
      </ColumnNB>
      <ColumnNB
        key="Emotion (full)"
      >
        <Button
          mode="text"
          onPress={[Function]}
          style={
            Object {
              "marginHorizontal": 16,
            }
          }
        >
          Emotion (full)
        </Button>
      </ColumnNB>
    </RowNB>
    <RowNB
      key="2"
    >
      <ColumnNB
        key="Emotional diad"
      >
        <Button
          mode="text"
          onPress={[Function]}
          style={
            Object {
              "marginHorizontal": 16,
            }
          }
        >
          Emotional diad
        </Button>
      </ColumnNB>
    </RowNB>
  </GridNB>
</Component>
`;
