// Jest Snapshot v1, https://goo.gl/fbAQLP

exports[`renders as expected 1`] = `
<Component
  onLayout={[Function]}
  style={
    Object {
      "alignItems": "center",
      "backgroundColor": "#000",
      "flex": 1,
      "justifyContent": "center",
    }
  }
>
  <FloatingNav
    floating={true}
    navigation={Object {}}
  />
  <Component
    style={
      Object {
        "alignItems": "center",
        "flex": 1,
        "justifyContent": "center",
      }
    }
  >
    <Component
      style={
        Array [
          Object {
            "color": "#0f0",
            "marginBottom": 8,
            "marginHorizontal": 16,
            "marginTop": 20,
            "textAlign": "center",
          },
          Object {
            "fontSize": 0,
          },
        ]
      }
    >
      Press a button below to get a suggestion
    </Component>
  </Component>
  <GridNB
    style={
      Object {
        "alignItems": "center",
        "flex": 1,
        "marginBottom": 16,
        "maxHeight": 140,
        "maxWidth": 500,
      }
    }
  >
    <RowNB
      key="0"
    >
      <ColumnNB
        key="Relationship"
      >
        <Button
          id="Relationship"
          mode="text"
          onPress={[Function]}
          style={
            Array [
              Object {
                "marginHorizontal": 16,
              },
              Object {
                "marginRight": 8,
              },
            ]
          }
        >
          Relationship
        </Button>
      </ColumnNB>
      <ColumnNB
        key="Emotion (70)"
      >
        <Button
          id="Emotion (70)"
          mode="text"
          onPress={[Function]}
          style={
            Array [
              Object {
                "marginHorizontal": 16,
              },
              Object {
                "marginLeft": 8,
              },
            ]
          }
        >
          Emotion (70)
        </Button>
      </ColumnNB>
    </RowNB>
    <RowNB
      key="1"
    >
      <ColumnNB
        key="Occupation"
      >
        <Button
          id="Occupation"
          mode="text"
          onPress={[Function]}
          style={
            Array [
              Object {
                "marginHorizontal": 16,
              },
              Object {
                "marginRight": 8,
              },
            ]
          }
        >
          Occupation
        </Button>
      </ColumnNB>
      <ColumnNB
        key="Emotion (150)"
      >
        <Button
          id="Emotion (150)"
          mode="text"
          onPress={[Function]}
          style={
            Array [
              Object {
                "marginHorizontal": 16,
              },
              Object {
                "marginLeft": 8,
              },
            ]
          }
        >
          Emotion (150)
        </Button>
      </ColumnNB>
    </RowNB>
    <RowNB
      key="2"
    >
      <ColumnNB
        key="Location"
      >
        <Button
          id="Location"
          mode="text"
          onPress={[Function]}
          style={
            Array [
              Object {
                "marginHorizontal": 16,
              },
              Object {
                "marginRight": 8,
              },
            ]
          }
        >
          Location
        </Button>
      </ColumnNB>
      <ColumnNB
        key="Dyad"
      >
        <Button
          id="Dyad"
          mode="text"
          onPress={[Function]}
          style={
            Array [
              Object {
                "marginHorizontal": 16,
              },
              Object {
                "marginLeft": 8,
              },
            ]
          }
        >
          Dyad
        </Button>
      </ColumnNB>
    </RowNB>
  </GridNB>
</Component>
`;
