// Jest Snapshot v1, https://goo.gl/fbAQLP

exports[`renders as expected 1`] = `
<Component
  style={
    Object {
      "flex": 1,
    }
  }
>
  <Accordion
    expanded={true}
    key="Vocabulary"
    left={[Function]}
    title="Vocabulary"
  >
    <Item
      description="Foo"
      key="Short-form"
      title="Short-form"
    />
    <Item
      description="Bar"
      key="Long-form"
      title="Long-form"
    />
  </Accordion>
</Component>
`;
