// Jest Snapshot v1, https://goo.gl/fbAQLP

exports[`renders as expected 1`] = `
<ScrollViewMock
  style={
    Object {
      "flex": 1,
    }
  }
>
  <Accordion
    expanded={false}
    key="Primary building blocks"
    left={[Function]}
    onPress={[Function]}
    title="Primary building blocks"
  >
    <ListItem
      description="A type of improv where you play structured \\"games\\" with predetermined rules (like in the TV show \\"Whose Line Is It Anyway?\\")."
      example="I watched short-form improv last night."
      expanded={false}
      key="Short-form (adjective)"
      onPress={[Function]}
      relatedTerms={
        Array [
          "Short form (noun)",
          "Game (a)",
        ]
      }
      title="Short-form (adjective)"
    />
    <ListItem
      description="A performance of short-form improv."
      example="I watched a short form last night."
      expanded={false}
      key="Short form (noun)"
      onPress={[Function]}
      relatedTerms={
        Array [
          "Short-form (adjective)",
        ]
      }
      title="Short form (noun)"
    />
    <ListItem
      description="A type of improv where the structure is decided in advance but there's no predetermined \\"game\\" to be played."
      example="I watched long-form improv last night."
      expanded={false}
      key="Long-form (adjective)"
      onPress={[Function]}
      relatedTerms={
        Array [
          "Long form (noun)",
        ]
      }
      title="Long-form (adjective)"
    />
    <ListItem
      description="A performance of long-form improv."
      example="I watched a long form last night."
      expanded={false}
      key="Long form (noun)"
      onPress={[Function]}
      relatedTerms={
        Array [
          "Long-form (adjective)",
        ]
      }
      title="Long form (noun)"
    />
    <ListItem
      description="The person or thing you're acting like while you perform."
      expanded={false}
      key="Character"
      onPress={[Function]}
      relatedTerms={
        Array [
          "Performer",
        ]
      }
      title="Character"
    />
    <ListItem
      description="You, the person (not the character you're playing)."
      expanded={false}
      key="Performer"
      onPress={[Function]}
      relatedTerms={
        Array [
          "Character",
        ]
      }
      title="Performer"
    />
    <ListItem
      description="An activity that helps you \\"get in the moment\\", \\"get out of your head\\", and be prepared to take risks with the other performers you're about improvise with. Often fun and goofy. Warm ups also work well as icebreakers for new groups of people."
      expanded={false}
      key="Warm up"
      onPress={[Function]}
      title="Warm up"
    />
    <ListItem
      description="An activity with predetermined rules that helps you develop specific improv skills."
      expanded={false}
      key="Exercise"
      onPress={[Function]}
      relatedTerms={
        Array [
          "Game (a)",
        ]
      }
      title="Exercise"
    />
    <ListItem
      confusingTerms={
        Array [
          "Game (the)",
        ]
      }
      description="An activity with predetermined rules that you can generally perform for an audience. Often used for short-form improv."
      expanded={false}
      key="Game (a)"
      onPress={[Function]}
      relatedTerms={
        Array [
          "Exercise",
          "Short-form",
        ]
      }
      title="Game (a)"
    />
    <ListItem
      description="A small performance that has a distinct start and end. This could be a single game in short-form, or one piece of a long-form set. The end of a scene is often triggered by an edit. A series of scenes generally make up a whole show."
      expanded={false}
      key="Scene"
      onPress={[Function]}
      relatedTerms={
        Array [
          "Show",
          "Edit",
          "Game (a)",
        ]
      }
      title="Scene"
    />
    <ListItem
      description="The entire performance that an audience comes to watch. Generally made up of a series of scenes."
      expanded={false}
      key="Show, Set, Performance"
      onPress={[Function]}
      relatedTerms={
        Array [
          "Scene",
        ]
      }
      title="Show, Set, Performance"
    />
    <ListItem
      description="A way to end a scene. For example, clapping loudly to signal that one scene is over."
      expanded={false}
      key="Edit"
      onPress={[Function]}
      relatedSections={
        Array [
          "Types of edits",
        ]
      }
      title="Edit"
    />
    <ListItem
      description="A common phrase used to convey the idea of \\"accepting\\" plus \\"advancing\\"."
      expanded={false}
      key="Yes, and"
      onPress={[Function]}
      relatedTerms={
        Array [
          "Accepting",
          "Advancing",
        ]
      }
      title="Yes, and"
    />
  </Accordion>
</ScrollViewMock>
`;
