// Jest Snapshot v1, https://goo.gl/fbAQLP

exports[`renders as expected 1`] = `
<View
  style={
    Object {
      "alignItems": "center",
      "justifyContent": "center",
    }
  }
>
  <Headline
    style={
      Object {
        "marginBottom": 8,
      }
    }
  >
    0
  </Headline>
  <FAB
    icon={[Function]}
    onPress={[Function]}
    style={
      Object {
        "backgroundColor": "#3f51b5",
      }
    }
  />
</View>
`;

exports[`renders as expected 2`] = `
<View
  style={
    Object {
      "alignItems": "center",
      "justifyContent": "center",
    }
  }
>
  <Headline
    style={
      Object {
        "marginBottom": 8,
      }
    }
  >
    0
  </Headline>
  <FAB
    icon={[Function]}
    onPress={[Function]}
    style={
      Object {
        "backgroundColor": "#3f51b5",
      }
    }
  />
</View>
`;
