// Jest Snapshot v1, https://goo.gl/fbAQLP

exports[`renders as expected 1`] = `
<View
  onLayout={[Function]}
  style={
    Object {
      "alignItems": "center",
      "justifyContent": "center",
      "width": "100%",
    }
  }
>
  <Text
    onPress={[Function]}
    style={
      Array [
        Object {
          "color": "#f00",
          "marginBottom": 8,
        },
        Object {
          "fontSize": 0,
        },
      ]
    }
  >
    0:00
  </Text>
  <View
    style={
      Object {
        "alignItems": "center",
        "display": "flex",
        "flexDirection": "row",
        "justifyContent": "center",
      }
    }
  >
    <Button
      onPress={[Function]}
      style={
        Object {
          "flex": 1,
          "marginHorizontal": 32,
        }
      }
    >
      Reset
    </Button>
    <FAB
      icon={[Function]}
      onPress={[Function]}
      style={
        Object {
          "backgroundColor": "#3f51b5",
        }
      }
    />
    <Button
      onPress={[Function]}
      style={
        Object {
          "flex": 1,
          "marginHorizontal": 32,
        }
      }
    >
      +1 min
    </Button>
  </View>
  <DateTimePicker
    isVisible={false}
    mode="time"
    onCancel={[Function]}
    onConfirm={[Function]}
  />
</View>
`;

exports[`renders as expected 2`] = `
<View
  onLayout={[Function]}
  style={
    Object {
      "alignItems": "center",
      "justifyContent": "center",
      "width": "100%",
    }
  }
>
  <Text
    onPress={[Function]}
    style={
      Array [
        Object {
          "color": "#f00",
          "marginBottom": 8,
        },
        Object {
          "fontSize": 0,
        },
      ]
    }
  >
    0:00
  </Text>
  <View
    style={
      Object {
        "alignItems": "center",
        "display": "flex",
        "flexDirection": "row",
        "justifyContent": "center",
      }
    }
  >
    <Button
      onPress={[Function]}
      style={
        Object {
          "flex": 1,
          "marginHorizontal": 32,
        }
      }
    >
      Reset
    </Button>
    <FAB
      icon={[Function]}
      onPress={[Function]}
      style={
        Object {
          "backgroundColor": "#3f51b5",
        }
      }
    />
    <Button
      onPress={[Function]}
      style={
        Object {
          "flex": 1,
          "marginHorizontal": 32,
        }
      }
    >
      +1 min
    </Button>
  </View>
  <DateTimePicker
    isVisible={false}
    mode="time"
    onCancel={[Function]}
    onConfirm={[Function]}
  />
</View>
`;
