// Jest Snapshot v1, https://goo.gl/fbAQLP

exports[`renders as expected 1`] = `
<RCTScrollView>
  <View>
    <SafeAreaView
      forceInset={
        Object {
          "horizontal": "never",
          "top": "always",
        }
      }
      style={
        Object {
          "flex": 1,
        }
      }
    >
      <DrawerItems />
    </SafeAreaView>
  </View>
</RCTScrollView>
`;
