// Jest Snapshot v1, https://goo.gl/fbAQLP

exports[`renders as expected 1`] = `
<Provider
  timerSettings={TimerSettingsModel {}}
>
  <Provider
    theme={
      Object {
        "colors": Object {
          "primary": "#3f51b5",
        },
      }
    }
  >
    <StatusBar
      animated={false}
      barStyle="light-content"
      showHideTransition="fade"
    />
    <AppContainer />
  </Provider>
</Provider>
`;
