// Jest Snapshot v1, https://goo.gl/fbAQLP

exports[`renders as expected 1`] = `
<Provider
  theme={
    Object {
      "colors": Object {
        "primary": "#3f51b5",
      },
    }
  }
>
  <View
    style={
      Object {
        "alignItems": "center",
        "backgroundColor": "#fff",
        "flex": 1,
        "justifyContent": "center",
      }
    }
  >
    <Timer />
  </View>
</Provider>
`;
