// Jest Snapshot v1, https://goo.gl/fbAQLP

exports[`renders as expected (floating) 1`] = `
<Fragment>
  <View
    onLayout={[Function]}
    style={
      Object {
        "height": 0,
        "width": 0,
      }
    }
  />
  <FAB
    icon={[Function]}
    onPress={[Function]}
    style={
      Array [
        Object {
          "backgroundColor": "transparent",
          "left": 16,
          "position": "absolute",
          "zIndex": 9999,
        },
        Object {
          "top": 36,
        },
      ]
    }
  />
</Fragment>
`;

exports[`renders as expected (not floating) 1`] = `
<IconButton
  icon={[Function]}
  onPress={[Function]}
  style={
    Object {
      "marginLeft": 22,
    }
  }
/>
`;
